%!Adobe-FontList 1.16
%Locale:0x41e

%BeginFont
Handler:DirectoryHandler
FontType:Invalid
OutlineFileName:C:\Users\phuvit\Desktop\WEB\Font\highlandgothiclightflf(1)\fonts101.txt
FileModTime:1088847132
%EndFont

%BeginFont
Handler:DirectoryHandler
FontType:TrueType
FontName:HighlandGothicLightFLF
FamilyName:HighlandGothicLightFLF
StyleName:Regular
FullName:HighlandGothicLightFLF
MenuName:HighlandGothicLightFLF
StyleBits:0
WritingScript:Roman
OutlineFileName:C:\Users\phuvit\Desktop\WEB\Font\highlandgothiclightflf(1)\highlandgothiclightflf.ttf
DataFormat:sfntData
FileLength:40740
FileModTime:1100640626
WeightClass:500
WidthClass:5
AngleClass:0
NameArray:0,Mac,4,HighlandGothicLightFLF
NameArray:0,Win,1,HighlandGothicLightFLF
%EndFont

%BeginFont
Handler:DirectoryHandler
FontType:Invalid
OutlineFileName:C:\Users\phuvit\Desktop\WEB\Font\highlandgothicflf-bold\fonts101.txt
FileModTime:1088847132
%EndFont

%BeginFont
Handler:DirectoryHandler
FontType:TrueType
FontName:HighlandGothicFLF-Bold
FamilyName:HighlandGothicFLF
StyleName:Bold
FullName:HighlandGothicFLF-Bold
MenuName:HighlandGothicFLF
StyleBits:2
WritingScript:Roman
OutlineFileName:C:\Users\phuvit\Desktop\WEB\Font\highlandgothicflf-bold\highlandgothicflf-bold.ttf
DataFormat:sfntData
FileLength:41844
FileModTime:1100640588
WeightClass:700
WidthClass:5
AngleClass:0
NameArray:0,Mac,4,HighlandGothicFLF-Bold
NameArray:0,Win,1,HighlandGothicFLF
%EndFont

